martes, 29 de septiembre de 2026, 17:56:48 -03
17:56  up 6 days,  6:12, 2 users, load averages: 2,65 2,69 3,03
== B-chunkedself (load avg before: 2.65 2.69 3.03)
[B-chunkedself] start B: 201 segments, 200 cuts, program 961.6 s
[B-chunkedself] done (end); probes=116074 cuts=200 errors=0
| metric | B-chunkedself |
|---|---|
| cuts measured | 200/200 |
| program / wall (s) | 961.6 / 961.6 |
| cuts with dropped frames | 0 (total 0, max 0) |
| cuts with freeze >= 1 frame | 7 (dup total 9) |
| freeze at cut ms mean / p95 / max | 1.9 / 10.3 / 112.3 |
| cuts showing wrong (stray) frames | 0 (total 0) |
| interior drops / freezes (baseline) | 4 of 28445 / 23 |
| audio: cuts with click | 0 |
| audio: cuts with gap >= 1 ms | 0 |
| audio gap ms mean / p95 / max | 0 / 0 / 0 |
| audio: cuts with overlap | 0 |
| audio glitches outside cuts | 0 |
| audio: repeated 128-sample quanta | 0 |
| A/V offset at cut ms mean [p5, p95] | 4.8 [1.2, 7.6] (n=200) |
| rAF interval ms p50 / p99 / max | 8.2 / 10.4 / 146.8 |
| probe cost ms mean / p99 | 2.4 / 8.9 |
| CPU all processes % mean | 5.1 |
B-chunkedself {"starvedRafs":0,"prerollFrames":1296,"decoded":30143,"outputLatency":0.028,"baseLatency":0.005333333333333333,"notes":[{"decoderConfig":{"codec":"avc1.64001f","supported":true,"hw":"prefer-hardware"}}]} 
B-chunkedself: 0 repeated quanta in 962 s of non-silent audio
B-chunkedself: 46155200 samples compared, 0 deviate; 0 deviation bursts (0 within 100 ms of a cut)
{"bad":28,"ex":[[653696,653568],[2304000,2303872],[5526656,5526528],[5888640,5888512],[7228032,7227904],[10284416,10284288],[11886080,11885952],[12521088,12520960],[12932096,12931968],[13142272,13142144]]}
martes, 29 de septiembre de 2026, 18:12:55 -03
18:12  up 6 days,  6:28, 2 users, load averages: 5,28 4,06 3,27
